// Jest Snapshot v1, https://goo.gl/fbAQLP

exports[`search results snapshot test 1`] = `
<DocumentFragment>
  <div
    class="search-results"
  >
    <a
      href="/"
    >
      <button
        class="search-results_button"
        type="submit"
      >
        <svg
          class="search-results_arrow"
          fill="currentColor"
          height="1em"
          stroke="currentColor"
          stroke-width="0"
          viewBox="0 0 256 512"
          width="1em"
          xmlns="http://www.w3.org/2000/svg"
        >
          <path
            d="M31.7 239l136-136c9.4-9.4 24.6-9.4 33.9 0l22.6 22.6c9.4 9.4 9.4 24.6 0 33.9L127.9 256l96.4 96.4c9.4 9.4 9.4 24.6 0 33.9L201.7 409c-9.4 9.4-24.6 9.4-33.9 0l-136-136c-9.5-9.4-9.5-24.6-.1-34z"
          />
        </svg>
      </button>
    </a>
    <div
      class="search-results_content"
    >
      <h3>
        Company Logo
      </h3>
      <div
        class="info"
      >
        <div>
          undefined, undefined
        </div>
        <div>
          Revenue: 
        </div>
        <div />
      </div>
      <div
        class="info-card"
      >
        <div>
          Animal Testing: undefined, undefined
        </div>
      </div>
      <div
        class="info-card"
      >
        <div>
          Environment: undefined, undefined
        </div>
      </div>
      <div
        class="info-card"
      >
        <div>
          Labour: undefined, undefined
        </div>
      </div>
      <div
        class="info-card"
      >
        <div>
          Philanthropy: undefined, undefined
        </div>
      </div>
      <div
        class="info-card"
      >
        <a>
          News: 
        </a>
      </div>
      <div>
        Score: 
      </div>
    </div>
  </div>
</DocumentFragment>
`;
